done: does matt have a pmp run 1
done: does matt have a pmp run 2
done: does matt have a pmp run 3
done: does matt have a pmp run 4
done: does matt have a pmp run 5
done: Does Matt have a PMP? run 1
done: Does Matt have a PMP? run 2
done: Does Matt have a PMP? run 3
done: Does Matt have a PMP? run 4
done: Does Matt have a PMP? run 5
done: Is Matt certified? run 1
done: Is Matt certified? run 2
done: Is Matt certified? run 3
done: Is Matt certified? run 4
done: Is Matt certified? run 5
done: Tell me about Matt's payments work at JP Morgan run 1
done: Tell me about Matt's payments work at JP Morgan run 2
done: Tell me about Matt's payments work at JP Morgan run 3
done: Tell me about Matt's payments work at JP Morgan run 4
done: Tell me about Matt's payments work at JP Morgan run 5
wrote probe_268_output/20261004_104354/pmp.json
