done: control Does Matt have a CS degree? run 1
done: control Does Matt have a CS degree? run 2
done: control Does Matt have a CS degree? run 3
done: control Does Matt have a CS degree? run 4
done: control Does Matt have a CS degree? run 5
done: control Does Matt have a computer science degree? run 1
done: control Does Matt have a computer science degree? run 2
done: control Does Matt have a computer science degree? run 3
done: control Does Matt have a computer science degree? run 4
done: control Does Matt have a computer science degree? run 5
done: control Does Matt have a PMP? run 1
done: control Does Matt have a PMP? run 2
done: control Does Matt have a PMP? run 3
done: control Does Matt have a PMP? run 4
done: control Does Matt have a PMP? run 5
done: control Tell me about Matt's payments work at JP Morgan run 1
done: control Tell me about Matt's payments work at JP Morgan run 2
done: control Tell me about Matt's payments work at JP Morgan run 3
done: control Tell me about Matt's payments work at JP Morgan run 4
done: control Tell me about Matt's payments work at JP Morgan run 5
wrote probe_268_output/20261004_095649/control.json
