done: Does Matt have a CS degree? run 1
done: Does Matt have a CS degree? run 2
done: Does Matt have a CS degree? run 3
done: Does Matt have a CS degree? run 4
done: Does Matt have a CS degree? run 5
done: Does Matt have a computer science degree? run 1
done: Does Matt have a computer science degree? run 2
done: Does Matt have a computer science degree? run 3
done: Does Matt have a computer science degree? run 4
done: Does Matt have a computer science degree? run 5
done: Does Matt have a PMP? run 1
done: Does Matt have a PMP? run 2
done: Does Matt have a PMP? run 3
done: Does Matt have a PMP? run 4
done: Does Matt have a PMP? run 5
done: Is Matt certified? run 1
done: Is Matt certified? run 2
done: Is Matt certified? run 3
done: Is Matt certified? run 4
done: Is Matt certified? run 5
done: Does Matt speak French? run 1
done: Does Matt speak French? run 2
done: Does Matt speak French? run 3
done: Does Matt speak French? run 4
done: Does Matt speak French? run 5
done: Tell me about Matt's payments work at JP Morgan run 1
done: Tell me about Matt's payments work at JP Morgan run 2
done: Tell me about Matt's payments work at JP Morgan run 3
done: Tell me about Matt's payments work at JP Morgan run 4
done: Tell me about Matt's payments work at JP Morgan run 5
done: What's Matt's leadership philosophy? run 1
done: What's Matt's leadership philosophy? run 2
done: What's Matt's leadership philosophy? run 3
done: What's Matt's leadership philosophy? run 4
done: What's Matt's leadership philosophy? run 5
wrote probe_268_output/20261004_104606/acceptance.json
