done agy a does matt have a CS degree 1
done agy a does matt have a CS degree 2
done agy a does matt have a CS degree 3
done agy a does matt have a CS degree 4
done agy a does matt have a CS degree 5
done agy a does matt have a CS degree 6
done agy a does matt have a CS degree 7
done agy a does matt have a CS degree 8
done agy a does matt have a CS degree 9
done agy a does matt have a CS degree 10
done agy a Does Matt have a CS degree? 1
done agy a Does Matt have a CS degree? 2
done agy a Does Matt have a CS degree? 3
done agy a Does Matt have a CS degree? 4
done agy a Does Matt have a CS degree? 5
done agy a Does Matt have a CS degree? 6
done agy a Does Matt have a CS degree? 7
done agy a Does Matt have a CS degree? 8
done agy a Does Matt have a CS degree? 9
done agy a Does Matt have a CS degree? 10
done agy a Does Matt have a PMP? 1
done agy a Does Matt have a PMP? 2
done agy a Does Matt have a PMP? 3
done agy a Does Matt have a PMP? 4
done agy a Does Matt have a PMP? 5
done agy a Tell me about Matt's payments work at JP Morgan 1
done agy a Tell me about Matt's payments work at JP Morgan 2
done agy a Tell me about Matt's payments work at JP Morgan 3
done agy a Tell me about Matt's payments work at JP Morgan 4
done agy a Tell me about Matt's payments work at JP Morgan 5
done rm a 1 strong
done rm a 2 strong
done rm a 3 strong
wrote probe_268_output/20261004_103307/arm_a.json
